// Jest Snapshot v1, https://goo.gl/fbAQLP

exports[`NewPostModal should render the component correctly 1`] = `
{
  "asFragment": [Function],
  "baseElement": <body>
    <div>
      <div
        class="fixed top-[8.5rem] z-40 flex w-full flex-col items-center gap-y-2 md:top-[4.5rem]"
      />
      <button
        aria-disabled="false"
        class="flex cursor-pointer items-center justify-center gap-1 rounded-lg px-4 py-2 text-sm font-medium transition-colors duration-150 ease-in-out bg-primary dark:text-primary text-white shadow-xs dark:bg-white/90 hover:bg-primary/80 dark:hover:bg-white/80"
        role="button"
        type="button"
      >
        Open modal
      </button>
    </div>
  </body>,
  "container": <div>
    <div
      class="fixed top-[8.5rem] z-40 flex w-full flex-col items-center gap-y-2 md:top-[4.5rem]"
    />
    <button
      aria-disabled="false"
      class="flex cursor-pointer items-center justify-center gap-1 rounded-lg px-4 py-2 text-sm font-medium transition-colors duration-150 ease-in-out bg-primary dark:text-primary text-white shadow-xs dark:bg-white/90 hover:bg-primary/80 dark:hover:bg-white/80"
      role="button"
      type="button"
    >
      Open modal
    </button>
  </div>,
  "debug": [Function],
  "findAllByAltText": [Function],
  "findAllByDisplayValue": [Function],
  "findAllByLabelText": [Function],
  "findAllByPlaceholderText": [Function],
  "findAllByRole": [Function],
  "findAllByTestId": [Function],
  "findAllByText": [Function],
  "findAllByTitle": [Function],
  "findByAltText": [Function],
  "findByDisplayValue": [Function],
  "findByLabelText": [Function],
  "findByPlaceholderText": [Function],
  "findByRole": [Function],
  "findByTestId": [Function],
  "findByText": [Function],
  "findByTitle": [Function],
  "getAllByAltText": [Function],
  "getAllByDisplayValue": [Function],
  "getAllByLabelText": [Function],
  "getAllByPlaceholderText": [Function],
  "getAllByRole": [Function],
  "getAllByTestId": [Function],
  "getAllByText": [Function],
  "getAllByTitle": [Function],
  "getByAltText": [Function],
  "getByDisplayValue": [Function],
  "getByLabelText": [Function],
  "getByPlaceholderText": [Function],
  "getByRole": [Function],
  "getByTestId": [Function],
  "getByText": [Function],
  "getByTitle": [Function],
  "queryAllByAltText": [Function],
  "queryAllByDisplayValue": [Function],
  "queryAllByLabelText": [Function],
  "queryAllByPlaceholderText": [Function],
  "queryAllByRole": [Function],
  "queryAllByTestId": [Function],
  "queryAllByText": [Function],
  "queryAllByTitle": [Function],
  "queryByAltText": [Function],
  "queryByDisplayValue": [Function],
  "queryByLabelText": [Function],
  "queryByPlaceholderText": [Function],
  "queryByRole": [Function],
  "queryByTestId": [Function],
  "queryByText": [Function],
  "queryByTitle": [Function],
  "rerender": [Function],
  "unmount": [Function],
}
`;
