// Jest Snapshot v1, https://goo.gl/fbAQLP

exports[`Loading Screen should render the component correctly 1`] = `
{
  "asFragment": [Function],
  "baseElement": <body>
    <div>
      <div
        aria-label="Loading"
        class="flex h-screen w-full"
        role="status"
      >
        <div
          class="flex w-full items-center justify-center space-x-3"
        >
          <span
            class="h-4 w-4 animate-[bounce_0.65s_ease-in-out_infinite] rounded-full bg-black/80 dark:bg-white/80 [animation-delay:-0.4s]"
          />
          <span
            class="h-4 w-4 animate-[bounce_0.65s_ease-in-out_infinite] rounded-full bg-black/80 dark:bg-white/80 [animation-delay:-0.3s]"
          />
          <span
            class="h-4 w-4 animate-[bounce_0.65s_ease-in-out_infinite] rounded-full bg-black/80 dark:bg-white/80 [animation-delay:-0.2s]"
          />
          <span
            class="h-4 w-4 animate-[bounce_0.65s_ease-in-out_infinite] rounded-full bg-black/80 dark:bg-white/80 [animation-delay:-0.1s]"
          />
          <span
            class="h-4 w-4 animate-[bounce_0.65s_ease-in-out_infinite] rounded-full bg-black/80 dark:bg-white/80"
          />
        </div>
      </div>
    </div>
  </body>,
  "container": <div>
    <div
      aria-label="Loading"
      class="flex h-screen w-full"
      role="status"
    >
      <div
        class="flex w-full items-center justify-center space-x-3"
      >
        <span
          class="h-4 w-4 animate-[bounce_0.65s_ease-in-out_infinite] rounded-full bg-black/80 dark:bg-white/80 [animation-delay:-0.4s]"
        />
        <span
          class="h-4 w-4 animate-[bounce_0.65s_ease-in-out_infinite] rounded-full bg-black/80 dark:bg-white/80 [animation-delay:-0.3s]"
        />
        <span
          class="h-4 w-4 animate-[bounce_0.65s_ease-in-out_infinite] rounded-full bg-black/80 dark:bg-white/80 [animation-delay:-0.2s]"
        />
        <span
          class="h-4 w-4 animate-[bounce_0.65s_ease-in-out_infinite] rounded-full bg-black/80 dark:bg-white/80 [animation-delay:-0.1s]"
        />
        <span
          class="h-4 w-4 animate-[bounce_0.65s_ease-in-out_infinite] rounded-full bg-black/80 dark:bg-white/80"
        />
      </div>
    </div>
  </div>,
  "debug": [Function],
  "findAllByAltText": [Function],
  "findAllByDisplayValue": [Function],
  "findAllByLabelText": [Function],
  "findAllByPlaceholderText": [Function],
  "findAllByRole": [Function],
  "findAllByTestId": [Function],
  "findAllByText": [Function],
  "findAllByTitle": [Function],
  "findByAltText": [Function],
  "findByDisplayValue": [Function],
  "findByLabelText": [Function],
  "findByPlaceholderText": [Function],
  "findByRole": [Function],
  "findByTestId": [Function],
  "findByText": [Function],
  "findByTitle": [Function],
  "getAllByAltText": [Function],
  "getAllByDisplayValue": [Function],
  "getAllByLabelText": [Function],
  "getAllByPlaceholderText": [Function],
  "getAllByRole": [Function],
  "getAllByTestId": [Function],
  "getAllByText": [Function],
  "getAllByTitle": [Function],
  "getByAltText": [Function],
  "getByDisplayValue": [Function],
  "getByLabelText": [Function],
  "getByPlaceholderText": [Function],
  "getByRole": [Function],
  "getByTestId": [Function],
  "getByText": [Function],
  "getByTitle": [Function],
  "queryAllByAltText": [Function],
  "queryAllByDisplayValue": [Function],
  "queryAllByLabelText": [Function],
  "queryAllByPlaceholderText": [Function],
  "queryAllByRole": [Function],
  "queryAllByTestId": [Function],
  "queryAllByText": [Function],
  "queryAllByTitle": [Function],
  "queryByAltText": [Function],
  "queryByDisplayValue": [Function],
  "queryByLabelText": [Function],
  "queryByPlaceholderText": [Function],
  "queryByRole": [Function],
  "queryByTestId": [Function],
  "queryByText": [Function],
  "queryByTitle": [Function],
  "rerender": [Function],
  "unmount": [Function],
}
`;
