// Jest Snapshot v1, https://goo.gl/fbAQLP

exports[`Footer should render the component correctly 1`] = `
{
  "asFragment": [Function],
  "baseElement": <body>
    <div>
      <footer
        class="flex h-14 w-full justify-center border-t border-dashed border-gray-200 dark:border-white/15"
      >
        <div
          class="flex w-[80rem] items-center justify-center gap-x-2 md:border-x md:border-dashed md:border-gray-200 md:dark:border-white/15"
        >
          <p
            class="text-primary/65 text-xs font-light md:text-sm dark:text-white/65"
          >
            Built by
            <span
              class="text-primary dark:text-white"
            >
               Alex Santos.
            </span>
             Source code available on  
            <a
              class="text-primary underline dark:text-white"
              href="https://github.com/alexsantosquispe/jsonplaceholder-api-test"
              rel="noopener noreferrer"
              target="_blank"
            >
              Github
            </a>
          </p>
        </div>
      </footer>
    </div>
  </body>,
  "container": <div>
    <footer
      class="flex h-14 w-full justify-center border-t border-dashed border-gray-200 dark:border-white/15"
    >
      <div
        class="flex w-[80rem] items-center justify-center gap-x-2 md:border-x md:border-dashed md:border-gray-200 md:dark:border-white/15"
      >
        <p
          class="text-primary/65 text-xs font-light md:text-sm dark:text-white/65"
        >
          Built by
          <span
            class="text-primary dark:text-white"
          >
             Alex Santos.
          </span>
           Source code available on  
          <a
            class="text-primary underline dark:text-white"
            href="https://github.com/alexsantosquispe/jsonplaceholder-api-test"
            rel="noopener noreferrer"
            target="_blank"
          >
            Github
          </a>
        </p>
      </div>
    </footer>
  </div>,
  "debug": [Function],
  "findAllByAltText": [Function],
  "findAllByDisplayValue": [Function],
  "findAllByLabelText": [Function],
  "findAllByPlaceholderText": [Function],
  "findAllByRole": [Function],
  "findAllByTestId": [Function],
  "findAllByText": [Function],
  "findAllByTitle": [Function],
  "findByAltText": [Function],
  "findByDisplayValue": [Function],
  "findByLabelText": [Function],
  "findByPlaceholderText": [Function],
  "findByRole": [Function],
  "findByTestId": [Function],
  "findByText": [Function],
  "findByTitle": [Function],
  "getAllByAltText": [Function],
  "getAllByDisplayValue": [Function],
  "getAllByLabelText": [Function],
  "getAllByPlaceholderText": [Function],
  "getAllByRole": [Function],
  "getAllByTestId": [Function],
  "getAllByText": [Function],
  "getAllByTitle": [Function],
  "getByAltText": [Function],
  "getByDisplayValue": [Function],
  "getByLabelText": [Function],
  "getByPlaceholderText": [Function],
  "getByRole": [Function],
  "getByTestId": [Function],
  "getByText": [Function],
  "getByTitle": [Function],
  "queryAllByAltText": [Function],
  "queryAllByDisplayValue": [Function],
  "queryAllByLabelText": [Function],
  "queryAllByPlaceholderText": [Function],
  "queryAllByRole": [Function],
  "queryAllByTestId": [Function],
  "queryAllByText": [Function],
  "queryAllByTitle": [Function],
  "queryByAltText": [Function],
  "queryByDisplayValue": [Function],
  "queryByLabelText": [Function],
  "queryByPlaceholderText": [Function],
  "queryByRole": [Function],
  "queryByTestId": [Function],
  "queryByText": [Function],
  "queryByTitle": [Function],
  "rerender": [Function],
  "unmount": [Function],
}
`;
